// Vitest Snapshot v1, https://vitest.dev/guide/snapshot.html

exports[`codeToHtml() 1`] = `
{
  "html": "<pre class=\\"shiki shaku github-light\\" style=\\"color:#24292e;background-color:#fff\\"><div class=\\"code-container\\"><code><div class=\\"line\\"><span style=\\"color: undefined\\"></span></div><div class=\\"line\\"><span style=\\"color: undefined\\">function ChatRoom({ roomId }) {</span></div><div class=\\"line\\"><span style=\\"color: undefined\\">  const [serverUrl, setServerUrl] = useState('https://localhost:1234');</span></div><div class=\\"line\\"><span style=\\"color: undefined\\"></span></div><div class=\\"line\\"><span style=\\"color: undefined\\">  useEffect(() =&gt; {</span></div><div class=\\"line\\"><span style=\\"color: undefined\\">     // (                                                     )</span></div><div class=\\"line\\"><span style=\\"color: undefined\\">        const connection = createConnection(serverUrl, roomId);</span></div><div class=\\"line\\"><span style=\\"color: undefined\\">     // (1                )</span></div><div class=\\"line\\"><span style=\\"color: undefined\\">        connection.connect();</span></div><div class=\\"line\\"><span style=\\"color: undefined\\">    </span></div><div class=\\"line\\"><span style=\\"color: undefined\\">  	return () =&gt; {</span></div><div class=\\"line\\"><span style=\\"color: undefined\\">           //(2                    )</span></div><div class=\\"line\\"><span style=\\"color: undefined\\">             connection.disconnect();</span></div><div class=\\"line\\"><span style=\\"color: undefined\\">  	};</span></div><div class=\\"line\\"><span style=\\"color: undefined\\">   //(3                 )</span></div><div class=\\"line\\"><span style=\\"color: undefined\\">  }, [serverUrl, roomId]);</span></div><div class=\\"line\\"><span style=\\"color: undefined\\">}</span></div><div class=\\"line\\"><span style=\\"color: undefined\\"></span></div></code></div></pre>",
  "skipped": false,
}
`;

exports[`codeToHtml() 2`] = `
{
  "html": "<pre class=\\"shiki shaku github-light\\" style=\\"color:#24292e;background-color:#fff\\"><div class=\\"code-container\\"><code><div class=\\"line\\"><span style=\\"color: undefined\\"></span></div><div class=\\"line\\"><span style=\\"color: undefined\\">function hello() {</span></div><div class=\\"line\\"><span style=\\"color: undefined\\">  //        ^!</span></div><div class=\\"line\\"><span style=\\"color: undefined\\">  //    [Hello world!]!</span></div><div class=\\"line\\"><span style=\\"color: undefined\\">  //        ^</span></div><div class=\\"line\\"><span style=\\"color: undefined\\">  //    [Shaku Shaku]</span></div><div class=\\"line\\"><span style=\\"color: undefined\\">  const blog = \\"https://jser.dev\\"</span></div><div class=\\"line\\"><span style=\\"color: undefined\\">}</span></div><div class=\\"line\\"><span style=\\"color: undefined\\">  </span></div></code></div></pre>",
  "skipped": false,
}
`;
