// Vitest Snapshot v1, https://vitest.dev/guide/snapshot.html

exports[`highlight() 1`] = `
"<pre class=\\"shaku\\"><code><div class=\\"sh__line\\"><span class=\\"sh__token--break\\" style=\\"color: var(--sh-break)\\">
</span></div><div class=\\"sh__line highlight\\"><span class=\\"sh__token--keyword\\" style=\\"color: var(--sh-keyword)\\">function</span><span class=\\"sh__token--space\\" style=\\"color: var(--sh-space)\\"> </span><span class=\\"sh__token--class\\" style=\\"color: var(--sh-class)\\">ChatRoom</span><span class=\\"sh__token--sign\\" style=\\"color: var(--sh-sign)\\">(</span><span class=\\"sh__token--sign\\" style=\\"color: var(--sh-sign)\\">{</span><span class=\\"sh__token--space\\" style=\\"color: var(--sh-space)\\"> </span><span class=\\"sh__token--identifier\\" style=\\"color: var(--sh-identifier)\\">roomId</span><span class=\\"sh__token--space\\" style=\\"color: var(--sh-space)\\"> </span><span class=\\"sh__token--sign\\" style=\\"color: var(--sh-sign)\\">}</span><span class=\\"sh__token--sign\\" style=\\"color: var(--sh-sign)\\">)</span><span class=\\"sh__token--space\\" style=\\"color: var(--sh-space)\\"> </span><span class=\\"sh__token--sign\\" style=\\"color: var(--sh-sign)\\">{</span><span class=\\"sh__token--break\\" style=\\"color: var(--sh-break)\\">
</span></div><div class=\\"sh__line\\"><span class=\\"sh__token--space\\" style=\\"color: var(--sh-space)\\">         </span><span class=\\"sh__token--sign\\" style=\\"color: var(--sh-sign)\\">-</span><span class=\\"sh__token--sign\\" style=\\"color: var(--sh-sign)\\">-</span><span class=\\"sh__token--sign\\" style=\\"color: var(--sh-sign)\\">-</span><span class=\\"sh__token--sign\\" style=\\"color: var(--sh-sign)\\">-</span><span class=\\"sh__token--sign\\" style=\\"color: var(--sh-sign)\\">-</span><span class=\\"sh__token--sign\\" style=\\"color: var(--sh-sign)\\">-</span><span class=\\"sh__token--sign\\" style=\\"color: var(--sh-sign)\\">-</span><span class=\\"sh__token--sign\\" style=\\"color: var(--sh-sign)\\">-</span><span class=\\"sh__token--break\\" style=\\"color: var(--sh-break)\\">
</span></div><div class=\\"sh__line\\"><span class=\\"sh__token--space\\" style=\\"color: var(--sh-space)\\">  </span><span class=\\"sh__token--keyword\\" style=\\"color: var(--sh-keyword)\\">const</span><span class=\\"sh__token--space\\" style=\\"color: var(--sh-space)\\"> </span><span class=\\"sh__token--sign\\" style=\\"color: var(--sh-sign)\\">[</span><span class=\\"sh__token--identifier\\" style=\\"color: var(--sh-identifier)\\">serverUrl</span><span class=\\"sh__token--sign\\" style=\\"color: var(--sh-sign)\\">,</span><span class=\\"sh__token--space\\" style=\\"color: var(--sh-space)\\"> </span><span class=\\"sh__token--identifier\\" style=\\"color: var(--sh-identifier)\\">setServerUrl</span><span class=\\"sh__token--sign\\" style=\\"color: var(--sh-sign)\\">]</span><span class=\\"sh__token--space\\" style=\\"color: var(--sh-space)\\"> </span><span class=\\"sh__token--sign\\" style=\\"color: var(--sh-sign)\\">=</span><span class=\\"sh__token--space\\" style=\\"color: var(--sh-space)\\"> </span><span class=\\"sh__token--identifier\\" style=\\"color: var(--sh-identifier)\\">useState</span><span class=\\"sh__token--sign\\" style=\\"color: var(--sh-sign)\\">(</span><span class=\\"sh__token--string\\" style=\\"color: var(--sh-string)\\">&#039;</span><span class=\\"sh__token--string\\" style=\\"color: var(--sh-string)\\">https://localhost:1234</span><span class=\\"sh__token--string\\" style=\\"color: var(--sh-string)\\">&#039;</span><span class=\\"sh__token--sign\\" style=\\"color: var(--sh-sign)\\">)</span><span class=\\"sh__token--sign\\" style=\\"color: var(--sh-sign)\\">;</span><span class=\\"sh__token--break\\" style=\\"color: var(--sh-break)\\">
</span></div><div class=\\"shaku-callout\\" style=\\"left:5ch\\"><span class=\\"shaku-callout-arrow\\" style=\\"left:5ch\\"></span>Hello</div><div class=\\"sh__line\\"><span class=\\"sh__token--space\\" style=\\"color: var(--sh-space)\\">  </span><span class=\\"sh__token--break\\" style=\\"color: var(--sh-break)\\">
</span></div><div class=\\"sh__line diff diff-insert\\"><span class=\\"sh__token--space\\" style=\\"color: var(--sh-space)\\">  </span><span class=\\"sh__token--comment\\" style=\\"color: var(--sh-comment)\\">// Welcome
</span></div><div class=\\"sh__line diff diff-insert\\"><span class=\\"sh__token--space\\" style=\\"color: var(--sh-space)\\">  </span><span class=\\"sh__token--comment\\" style=\\"color: var(--sh-comment)\\">// To
</span></div><div class=\\"sh__line diff diff-insert\\"><span class=\\"sh__token--space\\" style=\\"color: var(--sh-space)\\">  </span><span class=\\"sh__token--comment\\" style=\\"color: var(--sh-comment)\\">// JSer!
</span></div><div class=\\"sh__line diff diff-delete\\"><span class=\\"sh__token--break\\" style=\\"color: var(--sh-break)\\">
</span></div><div class=\\"sh__line diff diff-delete\\"><span class=\\"sh__token--space\\" style=\\"color: var(--sh-space)\\">  </span><span class=\\"sh__token--identifier\\" style=\\"color: var(--sh-identifier)\\">console</span><span class=\\"sh__token--sign\\" style=\\"color: var(--sh-sign)\\">.</span><span class=\\"sh__token--identifier\\" style=\\"color: var(--sh-identifier)\\">log</span><span class=\\"sh__token--sign\\" style=\\"color: var(--sh-sign)\\">(</span><span class=\\"sh__token--string\\" style=\\"color: var(--sh-string)\\">&#039;</span><span class=\\"sh__token--string\\" style=\\"color: var(--sh-string)\\">hello</span><span class=\\"sh__token--string\\" style=\\"color: var(--sh-string)\\">&#039;</span><span class=\\"sh__token--sign\\" style=\\"color: var(--sh-sign)\\">)</span><span class=\\"sh__token--break\\" style=\\"color: var(--sh-break)\\">
</span></div><div class=\\"sh__line diff diff-delete\\"><span class=\\"sh__token--break\\" style=\\"color: var(--sh-break)\\">
</span></div><div class=\\"sh__line dim diff diff-delete\\"><span class=\\"sh__token--space\\" style=\\"color: var(--sh-space)\\">  </span><span class=\\"sh__token--identifier\\" style=\\"color: var(--sh-identifier)\\">useEffect</span><span class=\\"sh__token--sign\\" style=\\"color: var(--sh-sign)\\">(</span><span class=\\"sh__token--sign\\" style=\\"color: var(--sh-sign)\\">(</span><span class=\\"sh__token--sign\\" style=\\"color: var(--sh-sign)\\">)</span><span class=\\"sh__token--space\\" style=\\"color: var(--sh-space)\\"> </span><span class=\\"sh__token--sign\\" style=\\"color: var(--sh-sign)\\">=</span><span class=\\"sh__token--sign\\" style=\\"color: var(--sh-sign)\\">&gt;</span><span class=\\"sh__token--space\\" style=\\"color: var(--sh-space)\\"> </span><span class=\\"sh__token--sign\\" style=\\"color: var(--sh-sign)\\">{</span><span class=\\"sh__token--break\\" style=\\"color: var(--sh-break)\\">
</span></div><div class=\\"sh__line diff diff-delete\\"><span class=\\"sh__token--space\\" style=\\"color: var(--sh-space)\\">        </span><mark class=\\"shaku-inline-highlight\\" ><span class=\\"sh__token--keyword\\" style=\\"color: var(--sh-keyword)\\">const</span><span class=\\"sh__token--space\\" style=\\"color: var(--sh-space)\\"> </span><span class=\\"sh__token--identifier\\" style=\\"color: var(--sh-identifier)\\">connection</span><span class=\\"sh__token--space\\" style=\\"color: var(--sh-space)\\"> </span><span class=\\"sh__token--sign\\" style=\\"color: var(--sh-sign)\\">=</span><span class=\\"sh__token--space\\" style=\\"color: var(--sh-space)\\"> </span><span class=\\"sh__token--identifier\\" style=\\"color: var(--sh-identifier)\\">createConnection</span><span class=\\"sh__token--sign\\" style=\\"color: var(--sh-sign)\\">(</span><span class=\\"sh__token--identifier\\" style=\\"color: var(--sh-identifier)\\">serverUrl</span><span class=\\"sh__token--sign\\" style=\\"color: var(--sh-sign)\\">,</span><span class=\\"sh__token--space\\" style=\\"color: var(--sh-space)\\"> </span><span class=\\"sh__token--identifier\\" style=\\"color: var(--sh-identifier)\\">roomId</span><span class=\\"sh__token--sign\\" style=\\"color: var(--sh-sign)\\">)</span><span class=\\"sh__token--sign\\" style=\\"color: var(--sh-sign)\\">;</span></mark><span class=\\"sh__token--break\\" style=\\"color: var(--sh-break)\\">
</span></div><div class=\\"sh__line diff diff-delete\\"><span class=\\"sh__token--space\\" style=\\"color: var(--sh-space)\\">        </span><mark class=\\"shaku-inline-highlight\\" data-id=\\"1\\"><span class=\\"sh__token--identifier\\" style=\\"color: var(--sh-identifier)\\">connection</span><span class=\\"sh__token--sign\\" style=\\"color: var(--sh-sign)\\">.</span><span class=\\"sh__token--identifier\\" style=\\"color: var(--sh-identifier)\\">connect</span><span class=\\"sh__token--sign\\" style=\\"color: var(--sh-sign)\\">(</span></mark><span class=\\"sh__token--sign\\" style=\\"color: var(--sh-sign)\\">)</span><span class=\\"sh__token--sign\\" style=\\"color: var(--sh-sign)\\">;</span><span class=\\"sh__token--break\\" style=\\"color: var(--sh-break)\\">
</span></div><div class=\\"sh__line diff diff-delete\\"><span class=\\"sh__token--space\\" style=\\"color: var(--sh-space)\\">    </span><span class=\\"sh__token--break\\" style=\\"color: var(--sh-break)\\">
</span></div><div class=\\"sh__line diff diff-delete\\"><span class=\\"sh__token--space\\" style=\\"color: var(--sh-space)\\">  	</span><span class=\\"sh__token--keyword\\" style=\\"color: var(--sh-keyword)\\">return</span><span class=\\"sh__token--space\\" style=\\"color: var(--sh-space)\\"> </span><span class=\\"sh__token--sign\\" style=\\"color: var(--sh-sign)\\">(</span><span class=\\"sh__token--sign\\" style=\\"color: var(--sh-sign)\\">)</span><span class=\\"sh__token--space\\" style=\\"color: var(--sh-space)\\"> </span><span class=\\"sh__token--sign\\" style=\\"color: var(--sh-sign)\\">=</span><span class=\\"sh__token--sign\\" style=\\"color: var(--sh-sign)\\">&gt;</span><span class=\\"sh__token--space\\" style=\\"color: var(--sh-space)\\"> </span><span class=\\"sh__token--sign\\" style=\\"color: var(--sh-sign)\\">{</span><span class=\\"sh__token--break\\" style=\\"color: var(--sh-break)\\">
</span></div><div class=\\"sh__line diff diff-delete\\"><span class=\\"sh__token--space\\" style=\\"color: var(--sh-space)\\">             </span><mark class=\\"shaku-inline-highlight\\" data-id=\\"2\\"><span class=\\"sh__token--identifier\\" style=\\"color: var(--sh-identifier)\\">connection</span><span class=\\"sh__token--sign\\" style=\\"color: var(--sh-sign)\\">.</span><span class=\\"sh__token--identifier\\" style=\\"color: var(--sh-identifier)\\">disconnect</span><span class=\\"sh__token--sign\\" style=\\"color: var(--sh-sign)\\">(</span><span class=\\"sh__token--sign\\" style=\\"color: var(--sh-sign)\\">)</span></mark><span class=\\"sh__token--sign\\" style=\\"color: var(--sh-sign)\\">;</span><span class=\\"sh__token--break\\" style=\\"color: var(--sh-break)\\">
</span></div><div class=\\"sh__line diff diff-delete\\"><span class=\\"sh__token--space\\" style=\\"color: var(--sh-space)\\">  	</span><span class=\\"sh__token--sign\\" style=\\"color: var(--sh-sign)\\">}</span><span class=\\"sh__token--sign\\" style=\\"color: var(--sh-sign)\\">;</span><span class=\\"sh__token--break\\" style=\\"color: var(--sh-break)\\">
</span></div><div class=\\"sh__line diff diff-delete\\"><span class=\\"sh__token--space\\" style=\\"color: var(--sh-space)\\">  </span><span class=\\"sh__token--sign\\" style=\\"color: var(--sh-sign)\\">}</span><span class=\\"sh__token--sign\\" style=\\"color: var(--sh-sign)\\">,</span><span class=\\"sh__token--space\\" style=\\"color: var(--sh-space)\\"> </span><mark class=\\"shaku-inline-highlight\\" data-id=\\"3\\"><span class=\\"sh__token--sign\\" style=\\"color: var(--sh-sign)\\">[</span><span class=\\"sh__token--identifier\\" style=\\"color: var(--sh-identifier)\\">serverUrl</span><span class=\\"sh__token--sign\\" style=\\"color: var(--sh-sign)\\">,</span><span class=\\"sh__token--space\\" style=\\"color: var(--sh-space)\\"> </span><span class=\\"sh__token--identifier\\" style=\\"color: var(--sh-identifier)\\">roomId</span><span class=\\"sh__token--sign\\" style=\\"color: var(--sh-sign)\\">]</span><span class=\\"sh__token--sign\\" style=\\"color: var(--sh-sign)\\">)</span></mark><span class=\\"sh__token--sign\\" style=\\"color: var(--sh-sign)\\">;</span><span class=\\"sh__token--break\\" style=\\"color: var(--sh-break)\\">
</span></div><div class=\\"sh__line diff diff-delete\\"><span class=\\"sh__token--sign\\" style=\\"color: var(--sh-sign)\\">}</span><span class=\\"sh__token--break\\" style=\\"color: var(--sh-break)\\">
</span></div></code></pre>"
`;

exports[`highlight() 2`] = `
"<pre class=\\"shaku\\"><code><div class=\\"sh__line\\"><span class=\\"sh__token--break\\" style=\\"color: var(--sh-break)\\">
</span></div><div class=\\"sh__line\\"><span class=\\"sh__token--keyword\\" style=\\"color: var(--sh-keyword)\\">function</span><span class=\\"sh__token--space\\" style=\\"color: var(--sh-space)\\"> </span><span class=\\"sh__token--identifier\\" style=\\"color: var(--sh-identifier)\\">hello</span><span class=\\"sh__token--sign\\" style=\\"color: var(--sh-sign)\\">(</span><span class=\\"sh__token--sign\\" style=\\"color: var(--sh-sign)\\">)</span><span class=\\"sh__token--space\\" style=\\"color: var(--sh-space)\\"> </span><span class=\\"sh__token--sign\\" style=\\"color: var(--sh-sign)\\">{</span><span class=\\"sh__token--break\\" style=\\"color: var(--sh-break)\\">
</span></div><div class=\\"sh__line\\"><span class=\\"sh__token--space\\" style=\\"color: var(--sh-space)\\">  </span><span class=\\"sh__token--comment\\" style=\\"color: var(--sh-comment)\\">//        ^
</span></div><div class=\\"sh__line\\"><span class=\\"sh__token--space\\" style=\\"color: var(--sh-space)\\">  </span><span class=\\"sh__token--comment\\" style=\\"color: var(--sh-comment)\\">//    [Hello world!]
</span></div><div class=\\"shaku-callout\\" style=\\"left:8ch\\"><span class=\\"shaku-callout-arrow\\" style=\\"left:4ch\\"></span>Shaku Shaku</div><div class=\\"sh__line\\"><span class=\\"sh__token--space\\" style=\\"color: var(--sh-space)\\">  </span><span class=\\"sh__token--keyword\\" style=\\"color: var(--sh-keyword)\\">const</span><span class=\\"sh__token--space\\" style=\\"color: var(--sh-space)\\"> </span><span class=\\"sh__token--identifier\\" style=\\"color: var(--sh-identifier)\\">blog</span><span class=\\"sh__token--space\\" style=\\"color: var(--sh-space)\\"> </span><span class=\\"sh__token--sign\\" style=\\"color: var(--sh-sign)\\">=</span><span class=\\"sh__token--space\\" style=\\"color: var(--sh-space)\\"> </span><span class=\\"sh__token--string\\" style=\\"color: var(--sh-string)\\">&quot;</span><span class=\\"sh__token--string\\" style=\\"color: var(--sh-string)\\">https://jser.dev</span><span class=\\"sh__token--string\\" style=\\"color: var(--sh-string)\\">&quot;</span><span class=\\"sh__token--break\\" style=\\"color: var(--sh-break)\\">
</span></div><div class=\\"sh__line\\"><span class=\\"sh__token--sign\\" style=\\"color: var(--sh-sign)\\">}</span><span class=\\"sh__token--break\\" style=\\"color: var(--sh-break)\\">
</span></div><div class=\\"sh__line\\"><span class=\\"sh__token--space\\" style=\\"color: var(--sh-space)\\">  </span></div></code></pre>"
`;

exports[`highlight() 3`] = `
"<pre class=\\"shaku\\"><code><div class=\\"sh__line\\"><span class=\\"sh__token--break\\" style=\\"color: var(--sh-break)\\">
</span></div><div class=\\"sh__line\\"><span class=\\"sh__token--space\\" style=\\"color: var(--sh-space)\\">  </span><span class=\\"sh__token--keyword\\" style=\\"color: var(--sh-keyword)\\">function</span><span class=\\"sh__token--space\\" style=\\"color: var(--sh-space)\\"> </span><span class=\\"sh__token--identifier\\" style=\\"color: var(--sh-identifier)\\">hello</span><span class=\\"sh__token--sign\\" style=\\"color: var(--sh-sign)\\">(</span><span class=\\"sh__token--sign\\" style=\\"color: var(--sh-sign)\\">)</span><span class=\\"sh__token--space\\" style=\\"color: var(--sh-space)\\"> </span><span class=\\"sh__token--sign\\" style=\\"color: var(--sh-sign)\\">{</span><span class=\\"sh__token--break\\" style=\\"color: var(--sh-break)\\">
</span></div><div class=\\"sh__line\\"><span class=\\"sh__token--space\\" style=\\"color: var(--sh-space)\\">    </span><span class=\\"sh__token--keyword\\" style=\\"color: var(--sh-keyword)\\">return</span><span class=\\"sh__token--space\\" style=\\"color: var(--sh-space)\\"> </span><span class=\\"sh__token--sign\\" style=\\"color: var(--sh-sign)\\">&lt;</span><span class=\\"sh__token--identifier\\" style=\\"color: var(--sh-identifier)\\">div</span><span class=\\"sh__token--break\\" style=\\"color: var(--sh-break)\\">
</span></div><div class=\\"shaku-callout\\" style=\\"left:7ch\\"><span class=\\"shaku-callout-arrow\\" style=\\"left:6ch\\"></span>Hello!</div><div class=\\"sh__line\\"><span class=\\"sh__token--space\\" style=\\"color: var(--sh-space)\\">    </span><span class=\\"sh__token--sign\\" style=\\"color: var(--sh-sign)\\">&gt;</span><span class=\\"sh__token--jsxliterals\\" style=\\"color: var(--sh-jsxliterals)\\">
</span></div><div class=\\"sh__line\\"><span class=\\"sh__token--jsxliterals\\" style=\\"color: var(--sh-jsxliterals)\\">    Hello world!</span><span class=\\"sh__token--jsxliterals\\" style=\\"color: var(--sh-jsxliterals)\\">
</span></div><div class=\\"shaku-callout\\" style=\\"left:8ch\\"><span class=\\"shaku-callout-arrow\\" style=\\"left:3ch\\"></span>Hello!</div><div class=\\"sh__line\\"><span class=\\"sh__token--jsxliterals\\" style=\\"color: var(--sh-jsxliterals)\\">  </span><span class=\\"sh__token--sign\\" style=\\"color: var(--sh-sign)\\">&lt;/</span><span class=\\"sh__token--identifier\\" style=\\"color: var(--sh-identifier)\\">div</span><span class=\\"sh__token--sign\\" style=\\"color: var(--sh-sign)\\">&gt;</span><span class=\\"sh__token--break\\" style=\\"color: var(--sh-break)\\">
</span></div><div class=\\"sh__line\\"><span class=\\"sh__token--space\\" style=\\"color: var(--sh-space)\\">  </span><span class=\\"sh__token--sign\\" style=\\"color: var(--sh-sign)\\">}</span><span class=\\"sh__token--break\\" style=\\"color: var(--sh-break)\\">
</span></div><div class=\\"sh__line\\"><span class=\\"sh__token--space\\" style=\\"color: var(--sh-space)\\">    </span></div></code></pre>"
`;

exports[`highlight() 4`] = `
"<pre class=\\"shaku\\"><code><div class=\\"sh__line\\"><span class=\\"sh__token--break\\" style=\\"color: var(--sh-break)\\">
</span></div><div class=\\"sh__line highlight abc e123\\"><span class=\\"sh__token--space\\" style=\\"color: var(--sh-space)\\">  </span><span class=\\"sh__token--keyword\\" style=\\"color: var(--sh-keyword)\\">function</span><span class=\\"sh__token--space\\" style=\\"color: var(--sh-space)\\"> </span><span class=\\"sh__token--identifier\\" style=\\"color: var(--sh-identifier)\\">hello</span><span class=\\"sh__token--sign\\" style=\\"color: var(--sh-sign)\\">(</span><span class=\\"sh__token--sign\\" style=\\"color: var(--sh-sign)\\">)</span><span class=\\"sh__token--space\\" style=\\"color: var(--sh-space)\\"> </span><span class=\\"sh__token--sign\\" style=\\"color: var(--sh-sign)\\">{</span><span class=\\"sh__token--break\\" style=\\"color: var(--sh-break)\\">
</span></div><div class=\\"sh__line\\"><span class=\\"sh__token--space\\" style=\\"color: var(--sh-space)\\">    </span><span class=\\"sh__token--keyword\\" style=\\"color: var(--sh-keyword)\\">return</span><span class=\\"sh__token--space\\" style=\\"color: var(--sh-space)\\"> </span><span class=\\"sh__token--sign\\" style=\\"color: var(--sh-sign)\\">&lt;</span><span class=\\"sh__token--identifier\\" style=\\"color: var(--sh-identifier)\\">div</span><span class=\\"sh__token--sign\\" style=\\"color: var(--sh-sign)\\">&gt;</span><span class=\\"sh__token--jsxliterals\\" style=\\"color: var(--sh-jsxliterals)\\">
</span></div><div class=\\"sh__line\\"><span class=\\"sh__token--jsxliterals\\" style=\\"color: var(--sh-jsxliterals)\\">    Hello world!</span><span class=\\"sh__token--jsxliterals\\" style=\\"color: var(--sh-jsxliterals)\\">
</span></div><div class=\\"sh__line\\"><span class=\\"sh__token--jsxliterals\\" style=\\"color: var(--sh-jsxliterals)\\">  </span><span class=\\"sh__token--sign\\" style=\\"color: var(--sh-sign)\\">&lt;/</span><span class=\\"sh__token--identifier\\" style=\\"color: var(--sh-identifier)\\">div</span><span class=\\"sh__token--sign\\" style=\\"color: var(--sh-sign)\\">&gt;</span><span class=\\"sh__token--break\\" style=\\"color: var(--sh-break)\\">
</span></div><div class=\\"sh__line\\"><span class=\\"sh__token--space\\" style=\\"color: var(--sh-space)\\">  </span><span class=\\"sh__token--sign\\" style=\\"color: var(--sh-sign)\\">}</span><span class=\\"sh__token--break\\" style=\\"color: var(--sh-break)\\">
</span></div><div class=\\"sh__line\\"><span class=\\"sh__token--space\\" style=\\"color: var(--sh-space)\\">    </span></div></code></pre>"
`;
